C:\Users\Johannes\Documents\Cocktail-Mix-Maschine-V3-main\Programmierung\PROJEKT_AS_4_11_2_75_X20CP1382\Logical\Global.typ
C:\Users\Johannes\Documents\Cocktail-Mix-Maschine-V3-main\Programmierung\PROJEKT_AS_4_11_2_75_X20CP1382\Logical\Global.var
C:\Users\Johannes\Documents\Cocktail-Mix-Maschine-V3-main\Programmierung\PROJEKT_AS_4_11_2_75_X20CP1382\Logical\Libraries\operator\operator.fun
C:\Users\Johannes\Documents\Cocktail-Mix-Maschine-V3-main\Programmierung\PROJEKT_AS_4_11_2_75_X20CP1382\Logical\Libraries\operator\operator.typ
C:\Users\Johannes\Documents\Cocktail-Mix-Maschine-V3-main\Programmierung\PROJEKT_AS_4_11_2_75_X20CP1382\Logical\Libraries\operator\operator.var
C:\Users\Johannes\Documents\Cocktail-Mix-Maschine-V3-main\Programmierung\PROJEKT_AS_4_11_2_75_X20CP1382\Logical\Libraries\runtime\runtime.fun
C:\Users\Johannes\Documents\Cocktail-Mix-Maschine-V3-main\Programmierung\PROJEKT_AS_4_11_2_75_X20CP1382\Logical\Libraries\runtime\runtime.typ
C:\Users\Johannes\Documents\Cocktail-Mix-Maschine-V3-main\Programmierung\PROJEKT_AS_4_11_2_75_X20CP1382\Logical\Libraries\runtime\runtime.var
C:\Users\Johannes\Documents\Cocktail-Mix-Maschine-V3-main\Programmierung\PROJEKT_AS_4_11_2_75_X20CP1382\Logical\Libraries\astime\astime.fun
C:\Users\Johannes\Documents\Cocktail-Mix-Maschine-V3-main\Programmierung\PROJEKT_AS_4_11_2_75_X20CP1382\Logical\Libraries\astime\astime.typ
C:\Users\Johannes\Documents\Cocktail-Mix-Maschine-V3-main\Programmierung\PROJEKT_AS_4_11_2_75_X20CP1382\Logical\Libraries\astime\astime.var
C:\Users\Johannes\Documents\Cocktail-Mix-Maschine-V3-main\Programmierung\PROJEKT_AS_4_11_2_75_X20CP1382\Logical\Libraries\AsIecCon\AsIecCon.fun
C:\Users\Johannes\Documents\Cocktail-Mix-Maschine-V3-main\Programmierung\PROJEKT_AS_4_11_2_75_X20CP1382\Logical\Libraries\AsIecCon\AsIecCon.typ
C:\Users\Johannes\Documents\Cocktail-Mix-Maschine-V3-main\Programmierung\PROJEKT_AS_4_11_2_75_X20CP1382\Logical\Libraries\AsIecCon\AsIecCon.var
